Mousejack.c:52:6:print_payload_details	336	static
Mousejack.c:88:10:crc_update	16	static
Mousejack.c:123:6:transmit	8	static
Mousejack.c:144:6:scan	96	static
Mousejack.c:299:6:start_transmit	16	static
Mousejack.c:338:6:ms_crypt	24	static
Mousejack.c:345:6:ms_checksum	16	static
Mousejack.c:354:6:fingerprint	8	static
Mousejack.c:381:6:ms_transmit	24	static
Mousejack.c:415:6:log_checksum	24	static
Mousejack.c:424:6:log_transmit	24	static
Mousejack.c:461:6:launch_attack	152	static
Mousejack.c:561:6:reset	120	static
Mousejack.c:573:6:loop	8	static
