MY_NRF24.c:49:6:NRF24_DelayMicroSeconds	24	static
MY_NRF24.c:57:6:NRF24_csn	16	static
MY_NRF24.c:63:6:NRF24_ce	16	static
MY_NRF24.c:69:9:NRF24_read_register	24	static
MY_NRF24.c:86:6:NRF24_read_registerN	24	static
MY_NRF24.c:101:6:NRF24_write_register	24	static
MY_NRF24.c:114:6:NRF24_write_registerN	24	static
MY_NRF24.c:127:6:NRF24_write_payload	24	static
MY_NRF24.c:140:6:NRF24_read_payload	24	static
MY_NRF24.c:154:6:NRF24_flush_tx	8	static
MY_NRF24.c:159:6:NRF24_flush_rx	8	static
MY_NRF24.c:164:9:NRF24_get_status	16	static
MY_NRF24.c:172:9:NRF24_Check	24	static
MY_NRF24.c:189:6:NRF24_begin	24	static
MY_NRF24.c:264:6:NRF24_startListening	16	static
MY_NRF24.c:281:6:NRF24_stopListening	8	static
MY_NRF24.c:288:6:NRF24_write	32	static
MY_NRF24.c:324:6:NRF24_available	8	static
MY_NRF24.c:329:6:NRF24_read	24	static
MY_NRF24.c:338:6:NRF24_openWritingPipe	24	static
MY_NRF24.c:347:6:NRF24_openReadingPipe	32	static
MY_NRF24.c:371:6:NRF24_setRetries	16	static
MY_NRF24.c:377:6:NRF24_setChannel	24	static
MY_NRF24.c:383:6:NRF24_setPayloadSize	24	static
MY_NRF24.c:389:9:NRF24_getPayloadSize	4	static
MY_NRF24.c:394:9:NRF24_getDynamicPayloadSize	8	static
MY_NRF24.c:399:6:NRF24_enableAckPayload	8	static
MY_NRF24.c:412:6:NRF24_enableDynamicPayloads	8	static
MY_NRF24.c:426:6:NRF24_disableDynamicPayloads	8	static
MY_NRF24.c:434:6:NRF24_isNRF_Plus	4	static
MY_NRF24.c:439:6:NRF24_setAutoAck	16	static
MY_NRF24.c:447:6:NRF24_setAutoAckPipe	24	static
MY_NRF24.c:464:6:NRF24_setPALevel	24	static
MY_NRF24.c:495:15:NRF24_getPALevel	16	static
MY_NRF24.c:521:6:NRF24_setDataRate	24	static
MY_NRF24.c:566:17:NRF24_getDataRate	16	static
MY_NRF24.c:591:6:NRF24_setCRCLength	24	static
MY_NRF24.c:612:18:NRF24_getCRCLength	16	static
MY_NRF24.c:628:6:NRF24_disableCRC	16	static
MY_NRF24.c:634:6:NRF24_powerUp	8	static
MY_NRF24.c:639:6:NRF24_powerDown	8	static
MY_NRF24.c:644:6:NRF24_availablePipe	24	static
MY_NRF24.c:668:6:NRF24_startWrite	16	static
MY_NRF24.c:683:6:NRF24_writeAckPayload	24	static
MY_NRF24.c:694:6:NRF24_isAckPayloadAvailable	16	static
MY_NRF24.c:701:6:NRF24_whatHappened	32	static
MY_NRF24.c:712:6:NRF24_testCarrier	8	static
MY_NRF24.c:717:6:NRF24_testRPD	8	static
MY_NRF24.c:723:6:NRF24_resetStatus	8	static
MY_NRF24.c:729:6:NRF24_ACTIVATE_cmd	16	static
MY_NRF24.c:740:9:NRF24_GetAckPayloadSize	4	static
MY_NRF24.c:745:6:printRadioSettings	152	static
MY_NRF24.c:872:6:printStatusReg	136	static
MY_NRF24.c:888:6:printConfigReg	120	static
MY_NRF24.c:906:6:nrf24_DebugUART_Init	8	static
MY_NRF24.c:911:6:printFIFOstatus	128	static
MY_NRF24.c:928:6:serialPrint	16	static
MY_NRF24.c:932:6:serialPrintln	24	static
MY_NRF24.c:948:9:uCm_writePayload	24	static
MY_NRF24.c:973:6:uCm_startFastWrite	16	static
MY_NRF24.c:980:6:uCm_startFastWrite_TX	16	static
MY_NRF24.c:988:6:uCm_write	24	static
MY_NRF24.c:1022:6:uCm_write2	16	static
MY_NRF24.c:1026:9:uCm_read	24	static
