MY_NRF24.c:49:6:NRF24_DelayMicroSeconds	24	static
MY_NRF24.c:57:6:NRF24_csn	16	static
MY_NRF24.c:63:6:NRF24_ce	16	static
MY_NRF24.c:69:9:NRF24_read_register	24	static
MY_NRF24.c:86:6:NRF24_read_registerN	24	static
MY_NRF24.c:101:6:NRF24_write_register	24	static
MY_NRF24.c:114:6:NRF24_write_registerN	24	static
MY_NRF24.c:127:6:NRF24_write_payload	24	static
MY_NRF24.c:140:6:NRF24_read_payload	24	static
MY_NRF24.c:154:6:NRF24_flush_tx	8	static
MY_NRF24.c:159:6:NRF24_flush_rx	8	static
MY_NRF24.c:164:9:NRF24_get_status	16	static
MY_NRF24.c:172:9:NRF24_Check	24	static
MY_NRF24.c:189:6:NRF24_begin	24	static
MY_NRF24.c:262:6:NRF24_startListening	16	static
MY_NRF24.c:279:6:NRF24_stopListening	8	static
MY_NRF24.c:286:6:NRF24_write	32	static
MY_NRF24.c:322:6:NRF24_available	8	static
MY_NRF24.c:327:6:NRF24_read	24	static
MY_NRF24.c:336:6:NRF24_openWritingPipe	24	static
MY_NRF24.c:345:6:NRF24_openReadingPipe	32	static
MY_NRF24.c:369:6:NRF24_setRetries	16	static
MY_NRF24.c:375:6:NRF24_setChannel	24	static
MY_NRF24.c:381:6:NRF24_setPayloadSize	24	static
MY_NRF24.c:387:9:NRF24_getPayloadSize	4	static
MY_NRF24.c:392:9:NRF24_getDynamicPayloadSize	8	static
MY_NRF24.c:397:6:NRF24_enableAckPayload	8	static
MY_NRF24.c:410:6:NRF24_enableDynamicPayloads	8	static
MY_NRF24.c:424:6:NRF24_disableDynamicPayloads	8	static
MY_NRF24.c:432:6:NRF24_isNRF_Plus	4	static
MY_NRF24.c:437:6:NRF24_setAutoAck	16	static
MY_NRF24.c:445:6:NRF24_setAutoAckPipe	24	static
MY_NRF24.c:462:6:NRF24_setPALevel	24	static
MY_NRF24.c:493:15:NRF24_getPALevel	16	static
MY_NRF24.c:519:6:NRF24_setDataRate	24	static
MY_NRF24.c:564:17:NRF24_getDataRate	16	static
MY_NRF24.c:589:6:NRF24_setCRCLength	24	static
MY_NRF24.c:610:18:NRF24_getCRCLength	16	static
MY_NRF24.c:626:6:NRF24_disableCRC	16	static
MY_NRF24.c:632:6:NRF24_powerUp	8	static
MY_NRF24.c:637:6:NRF24_powerDown	8	static
MY_NRF24.c:642:6:NRF24_availablePipe	24	static
MY_NRF24.c:666:6:NRF24_startWrite	16	static
MY_NRF24.c:681:6:NRF24_writeAckPayload	24	static
MY_NRF24.c:692:6:NRF24_isAckPayloadAvailable	16	static
MY_NRF24.c:699:6:NRF24_whatHappened	32	static
MY_NRF24.c:710:6:NRF24_testCarrier	8	static
MY_NRF24.c:715:6:NRF24_testRPD	8	static
MY_NRF24.c:721:6:NRF24_resetStatus	8	static
MY_NRF24.c:727:6:NRF24_ACTIVATE_cmd	16	static
MY_NRF24.c:738:9:NRF24_GetAckPayloadSize	4	static
MY_NRF24.c:743:6:printRadioSettings	152	static
MY_NRF24.c:870:6:printStatusReg	136	static
MY_NRF24.c:886:6:printConfigReg	120	static
MY_NRF24.c:904:6:nrf24_DebugUART_Init	8	static
MY_NRF24.c:909:6:printFIFOstatus	128	static
